2026-07-05 01:28:23,112 [INFO    ] [root                ] [MainThread] --- Logging diinisialisasi. File: output\pipeline_20260705_012823.log
2026-07-05 01:28:23,112 [INFO    ] [root                ] [MainThread] --- ================================================================================
2026-07-05 01:28:23,112 [INFO    ] [root                ] [MainThread] ---                             VOLCANOAI SYSTEM STARTUP                            
2026-07-05 01:28:23,124 [INFO    ] [root                ] [MainThread] --- ================================================================================
2026-07-05 01:28:23,124 [INFO    ] [root                ] [MainThread] --- [Dashboard] Starting Flask server in background thread (monitoring enabled)...
2026-07-05 01:28:23,129 [WARNING ] [RealtimeSensorManager] [MainThread] --- [MIROVA] File tidak ditemukan: output/realtime/
2026-07-05 01:28:23,129 [INFO    ] [VolcanoAiPipeline   ] [MainThread] --- Pipeline VolcanoAI 5.2.0-TITAN-EXCEL initialized successfully.
2026-07-05 01:28:23,129 [INFO    ] [VolcanoAiPipeline   ] [MainThread] --- Starting Pipeline Execution...
2026-07-05 01:28:23,129 [INFO    ] [VolcanoAiPipeline   ] [MainThread] --- 
========== PHASE 1: DATA LOADING ==========
2026-07-05 01:28:23,413 [INFO    ] [werkzeug            ] [Thread-1 (_run)] --- [31m[1mWARNING: This is a development server. Do not use it in a production deployment. Use a production WSGI server instead.[0m
 * Running on http://127.0.0.1:5000
2026-07-05 01:28:23,424 [INFO    ] [werkzeug            ] [Thread-1 (_run)] --- [33mPress CTRL+C to quit[0m
2026-07-05 01:28:23,549 [INFO    ] [werkzeug            ] [Thread-2 (process_request_thread)] --- 127.0.0.1 - - [05/Jul/2026 01:28:23] "GET / HTTP/1.1" 200 -
2026-07-05 01:28:23,642 [INFO    ] [werkzeug            ] [Thread-3 (process_request_thread)] --- 127.0.0.1 - - [05/Jul/2026 01:28:23] "[36mGET /static/naive_bayes/confusion_matrix_latest.png HTTP/1.1[0m" 304 -
2026-07-05 01:28:24,283 [INFO    ] [werkzeug            ] [Thread-4 (process_request_thread)] --- 127.0.0.1 - - [05/Jul/2026 01:28:24] "GET / HTTP/1.1" 200 -
2026-07-05 01:28:24,377 [INFO    ] [werkzeug            ] [Thread-5 (process_request_thread)] --- 127.0.0.1 - - [05/Jul/2026 01:28:24] "GET / HTTP/1.1" 200 -
2026-07-05 01:28:24,481 [INFO    ] [werkzeug            ] [Thread-6 (process_request_thread)] --- 127.0.0.1 - - [05/Jul/2026 01:28:24] "[36mGET /static/naive_bayes/confusion_matrix_latest.png HTTP/1.1[0m" 304 -
2026-07-05 01:28:24,548 [INFO    ] [werkzeug            ] [Thread-7 (process_request_thread)] --- 127.0.0.1 - - [05/Jul/2026 01:28:24] "[36mGET /static/naive_bayes/confusion_matrix_latest.png HTTP/1.1[0m" 304 -
2026-07-05 01:28:25,794 [INFO    ] [VolcanoAiPipeline   ] [MainThread] --- 
========== PHASE 2: FEATURE ENGINEERING ==========
2026-07-05 01:28:25,845 [INFO    ] [FeatureEngineer     ] [MainThread] --- >>> FE TRAIN: Initializing new preprocessor state.
2026-07-05 01:28:25,893 [WARNING ] [FeatureEngineer     ] [MainThread] --- Smart Classifier SKIPPED: Tidak ada data berlabel cukup (fallback ke rule-based).
2026-07-05 01:28:26,066 [WARNING ] [FeatureEngineer     ] [MainThread] --- Imputer Warning: Kolom berikut kosong total saat training -> diisi 0.0: ['OLI_total (W)', 'MSI_total (W)']
2026-07-05 01:28:26,684 [INFO    ] [VolcanoAI.processing.feature_engineer] [MainThread] --- Preprocessor state saved to: output\feature_preprocessor.pkl
2026-07-05 01:28:26,684 [INFO    ] [FeatureEngineer     ] [MainThread] --- Feature Engineering Complete. Shape: (1884, 66)
2026-07-05 01:28:26,726 [INFO    ] [FeatureEngineer     ] [MainThread] --- >>> FE TRAIN: Initializing new preprocessor state.
2026-07-05 01:28:26,774 [WARNING ] [FeatureEngineer     ] [MainThread] --- Smart Classifier SKIPPED: Tidak ada data berlabel cukup (fallback ke rule-based).
2026-07-05 01:28:26,906 [WARNING ] [FeatureEngineer     ] [MainThread] --- Imputer Warning: Kolom berikut kosong total saat training -> diisi 0.0: ['OLI_total (W)', 'MSI_total (W)']
2026-07-05 01:28:27,400 [INFO    ] [VolcanoAI.processing.feature_engineer] [MainThread] --- Preprocessor state saved to: output\feature_preprocessor.pkl
2026-07-05 01:28:27,400 [INFO    ] [FeatureEngineer     ] [MainThread] --- Feature Engineering Complete. Shape: (1884, 66)
2026-07-05 01:28:27,416 [INFO    ] [VolcanoAiPipeline   ] [MainThread] --- 
========== PHASE 3: MODEL TRAINING ==========
2026-07-05 01:28:27,416 [DEBUG   ] [ACO_Engine_Master   ] [MainThread] --- [ACO] DataFrame masuk: 1884 baris, 66 kolom
2026-07-05 01:28:27,416 [DEBUG   ] [ACO_Engine_Master   ] [MainThread] --- [ACO] Kolom: ['Acquired_Date', 'EQ_Lintang', 'EQ_Bujur', 'Magnitudo', 'Kedalaman (km)', 'Nama', 'Sumber', 'VRP_Max', 'Hembusan', 'Tektonik_Lokal', 'Tektonik_Jauh', 'Tremor_Menerus', 'Vulkanik_Dangkal', 'Vulkanik_Dalam', 'Letusan_Erupsi', 'Guguran', 'Harmonik', 'Tremor_Non_Harmonik', 'Magnitudo_Original', 'Kedalaman_Original', 'Tanggal', 'Keterangan', 'isVulkanik', 'isTektonik', 'seismic_energy_log10', 'R1_final', 'R2_final', 'R3_final', 'AreaTerdampak_km2', 'tfe_doy_sin', 'tfe_doy_cos', 'tfe_weekday_sin', 'Intensity', 'cluster_id', 'time_since_last_event_days', 'OLI_total (W)', 'MSI_total (W)', 'Magnitudo_scaled', 'Kedalaman (km)_scaled', 'seismic_energy_log10_scaled', 'time_since_last_event_days_scaled', 'impact_level', 'Magnitudo_lag1', 'Magnitudo_lag3', 'Magnitudo_roll_mean3', 'Magnitudo_roll_std3', 'Magnitudo_roll_mean7', 'Magnitudo_roll_std7', 'VRP_Max_lag1', 'VRP_Max_lag3', 'VRP_Max_roll_mean3', 'VRP_Max_roll_std3', 'VRP_Max_roll_mean7', 'VRP_Max_roll_std7', 'R3_final_lag1', 'R3_final_lag3', 'R3_final_roll_mean3', 'R3_final_roll_std3', 'R3_final_roll_mean7', 'R3_final_roll_std7', 'seismic_energy_log10_lag1', 'seismic_energy_log10_lag3', 'seismic_energy_log10_roll_mean3', 'seismic_energy_log10_roll_std3', 'seismic_energy_log10_roll_mean7', 'seismic_energy_log10_roll_std7']
2026-07-05 01:28:27,464 [DEBUG   ] [ACO_Engine_Master   ] [MainThread] ---         Acquired_Date  EQ_Lintang    EQ_Bujur  Magnitudo  Kedalaman (km)   Nama            Sumber  VRP_Max  Hembusan  Tektonik_Lokal  Tektonik_Jauh  Tremor_Menerus  Vulkanik_Dangkal  Vulkanik_Dalam  Letusan_Erupsi  Guguran  Harmonik  Tremor_Non_Harmonik  Magnitudo_Original  Kedalaman_Original             Tanggal Keterangan  isVulkanik  isTektonik  seismic_energy_log10   R1_final   R2_final   R3_final  AreaTerdampak_km2  tfe_doy_sin  tfe_doy_cos  tfe_weekday_sin  Intensity  cluster_id  time_since_last_event_days  OLI_total (W)  MSI_total (W)  Magnitudo_scaled  Kedalaman (km)_scaled  seismic_energy_log10_scaled  time_since_last_event_days_scaled impact_level  Magnitudo_lag1  Magnitudo_lag3  Magnitudo_roll_mean3  Magnitudo_roll_std3  Magnitudo_roll_mean7  Magnitudo_roll_std7  VRP_Max_lag1  VRP_Max_lag3  VRP_Max_roll_mean3  VRP_Max_roll_std3  VRP_Max_roll_mean7  VRP_Max_roll_std7  R3_final_lag1  R3_final_lag3  R3_final_roll_mean3  R3_final_roll_std3  R3_final_roll_mean7  R3_final_roll_std7  seismic_energy_log10_lag1  seismic_energy_log10_lag3  seismic_energy_log10_roll_mean3  seismic_energy_log10_roll_std3  seismic_energy_log10_roll_mean7  seismic_energy_log10_roll_std7
0 2022-01-01 07:57:00   -7.916717  112.306117       3.47              11  Kelud  VolcanoDiscovery      0.0         0               0              0               0                 1               0               0        0         0                    0                3.47                  11 2022-01-01 07:57:00    Unknown           0           1                10.005  12.631156  27.788543  50.524624        8019.661776     0.017202     0.999852        -0.974928       34.7           0                    0.807889            0.0            0.0          0.010403              -0.264706                     0.010403                           0.619012       Sedang            0.00            0.00              3.470000             0.000000              3.470000             0.000000           0.0           0.0                 0.0                0.0                 0.0                0.0       0.000000       0.000000            50.524624            0.000000            50.524624            0.000000                      0.000                      0.000                           10.005                        0.000000                           10.005                        0.000000
1 2022-01-03 12:48:00   -7.868129  112.369014       3.59              14  Kelud  VolcanoDiscovery      0.0         4               0              0               0                 0               0               0        3         1                    0                3.59                  14 2022-01-03 12:48:00    Unknown           0           1                10.185  12.481753  27.459856  49.927010        7831.067950     0.051584     0.998669         0.000000       35.9           0                    2.202083            0.0            0.0          0.072822              -0.176471                     0.072822                           2.762210       Sedang            3.47            0.00              3.530000             0.084853              3.530000             0.084853           0.0           0.0                 0.0                0.0                 0.0                0.0      50.524624       0.000000            50.225817            0.422577            50.225817            0.422577                     10.005                      0.000                           10.095                        0.127279                           10.095                        0.127279
2 2022-01-03 13:56:00   -8.141552  114.065186       2.64              49  Raung  VolcanoDiscovery      0.0         0               1              0               0                 0               5               3        5         0                    0                2.64                  49 2022-01-03 13:56:00    Unknown           0           1                 8.760   8.309042  18.279893  33.236170        3470.338307     0.051584     0.998669         0.000000       26.4           0                    0.047222            0.0            0.0         -0.421326               0.852941                    -0.421326                          -0.550307       Ringan            3.59            0.00              3.233333             0.517333              3.233333             0.517333           0.0           0.0                 0.0                0.0                 0.0                0.0      49.927010       0.000000            44.562601            9.813528            44.562601            9.813528                     10.185                      0.000                            9.650                        0.775999                            9.650                        0.775999
3 2022-01-03 19:35:00   -8.133701  114.058157       2.18              11  Raung  VolcanoDiscovery      0.0         0               0              0               0                 0               0               0        0         0                    0                2.18                  11 2022-01-03 19:35:00    Unknown           0           1                 8.070   8.633622  18.993968  34.534488        3746.760267     0.051584     0.998669         0.000000       21.8           0                    0.235417            0.0            0.0         -0.660598              -0.264706                    -0.660598                          -0.261009       Sedang            2.64            3.47              2.803333             0.719050              2.970000             0.675130           0.0           0.0                 0.0                0.0                 0.0                0.0      33.236170      50.524624            39.232556            9.284391            42.055573            9.452212                      8.760                     10.005                            9.005                        1.078575                            9.255                        1.012694
4 2022-01-04 13:41:00   -7.910048  112.310989       5.31              25  Kelud  VolcanoDiscovery      0.0         0               3              0               0                 0               3               0        5         0                    0                5.31                  25 2022-01-04 13:41:00    Unknown           0           1                12.765  16.855475  37.082045  67.421900       14280.777308     0.068755     0.997634         0.781831       53.1           0                    0.754167            0.0            0.0          0.967490               0.147059                     0.967490                           0.536429        Parah            2.18            3.59              3.376667             1.690039              3.438000             1.198737           0.0           0.0                 0.0                0.0                 0.0                0.0      34.534488      49.927010            45.064186           19.373228            47.128838           13.989222                      8.070                     10.185                            9.865                        2.535059                            9.957                        1.798105
2026-07-05 01:29:09,021 [INFO    ] [ACO_Engine_Master   ] [MainThread] --- [ACO Iter-132] Stagnasi (41) → Smooth Reset Pheromone.
2026-07-05 01:29:19,931 [INFO    ] [ACO_Engine_Master   ] [MainThread] --- [ACO] Event ACO tersimpan → C:\Users\laygenda surya putra\Documents\JOKI\gempavulkanik\output\aco_results\aco_events.csv
2026-07-05 01:29:21,826 [INFO    ] [ACO_Engine_Master   ] [MainThread] --- [ACO] Presentation Excel tersimpan → C:\Users\laygenda surya putra\Documents\JOKI\gempavulkanik\output\aco_results/aco_presentation.xlsx
2026-07-05 01:29:21,826 [INFO    ] [ACO_Engine_Master   ] [MainThread] --- [ACO] Minimal GA input saved → C:\Users\laygenda surya putra\Documents\JOKI\gempavulkanik\output\aco_results\aco_to_ga.json (atomic)
2026-07-05 01:29:23,910 [INFO    ] [ACO_Engine_Master   ] [MainThread] --- [ACO] Visual ACO tersimpan → C:\Users\laygenda surya putra\Documents\JOKI\gempavulkanik\output\aco_results/aco_impact_zones.html
2026-07-05 01:29:23,910 [INFO    ] [VolcanoAI.GaEngine  ] [MainThread] --- 
================================================================================
2026-07-05 01:29:23,926 [INFO    ] [VolcanoAI.GaEngine  ] [MainThread] ---                  === GA ENGINE START (Input from ACO Only) ===                  
2026-07-05 01:29:23,927 [INFO    ] [VolcanoAI.GaEngine  ] [MainThread] --- ================================================================================
2026-07-05 01:29:24,107 [INFO    ] [werkzeug            ] [Thread-352 (process_request_thread)] --- 127.0.0.1 - - [05/Jul/2026 01:29:24] "GET / HTTP/1.1" 200 -
2026-07-05 01:29:24,200 [INFO    ] [werkzeug            ] [Thread-353 (process_request_thread)] --- 127.0.0.1 - - [05/Jul/2026 01:29:24] "[36mGET /static/naive_bayes/confusion_matrix_latest.png HTTP/1.1[0m" 304 -
2026-07-05 01:29:24,443 [INFO    ] [werkzeug            ] [Thread-354 (process_request_thread)] --- 127.0.0.1 - - [05/Jul/2026 01:29:24] "GET /files/output/aco_results/aco_impact_zones.html HTTP/1.1" 200 -
2026-07-05 01:29:24,450 [INFO    ] [werkzeug            ] [Thread-355 (process_request_thread)] --- 127.0.0.1 - - [05/Jul/2026 01:29:24] "GET / HTTP/1.1" 200 -
2026-07-05 01:29:24,518 [INFO    ] [werkzeug            ] [Thread-356 (process_request_thread)] --- 127.0.0.1 - - [05/Jul/2026 01:29:24] "[36mGET /static/naive_bayes/confusion_matrix_latest.png HTTP/1.1[0m" 304 -
2026-07-05 01:29:25,079 [INFO    ] [werkzeug            ] [Thread-357 (process_request_thread)] --- 127.0.0.1 - - [05/Jul/2026 01:29:25] "GET /files/output/aco_results/aco_impact_zones.html HTTP/1.1" 200 -
2026-07-05 01:29:46,277 [INFO    ] [VolcanoAI.GaEngine  ] [MainThread] --- [GA] Event GA tersimpan → output\ga_results\ga_events.csv
2026-07-05 01:29:46,613 [INFO    ] [VolcanoAI.GaEngine  ] [MainThread] --- Excel exported → output\ga_results\ga_report.xlsx
2026-07-05 01:30:00,150 [INFO    ] [VolcanoAI.GaEngine  ] [MainThread] --- GA Map saved (atomic) → output\ga_results\ga_from_aco_map.html
2026-07-05 01:30:00,150 [INFO    ] [VolcanoAI.GaEngine  ] [MainThread] ---                      === GA ENGINE COMPLETE (ACO Mode) ===                      
2026-07-05 01:30:00,150 [INFO    ] [VolcanoAI.LstmEngine] [MainThread] --- === LSTM V6.0 TITAN TRAINING START ===
2026-07-05 01:30:00,181 [INFO    ] [VolcanoAI.LstmEngine] [MainThread] --- Processing Cluster 0...
2026-07-05 01:30:00,193 [INFO    ] [VolcanoAI.LstmEngine] [MainThread] ---     [Tuner] Menjalankan 3 trial optimasi...
2026-07-05 01:30:00,809 [WARNING ] [tensorflow          ] [MainThread] --- From C:\Users\laygenda surya putra\Documents\JOKI\gempavulkanik\env\lib\site-packages\keras\src\backend\common\global_state.py:82: The name tf.reset_default_graph is deprecated. Please use tf.compat.v1.reset_default_graph instead.

2026-07-05 01:30:01,488 [INFO    ] [VolcanoAI.LstmEngine] [MainThread] --- Model LSTM berhasil dikompilasi (Standard MAE). Input: 30x6
2026-07-05 01:30:08,325 [INFO    ] [VolcanoAI.LstmEngine] [MainThread] --- Model LSTM berhasil dikompilasi (Standard MAE). Input: 30x6
2026-07-05 01:30:13,516 [INFO    ] [VolcanoAI.LstmEngine] [MainThread] --- Model LSTM berhasil dikompilasi (Standard MAE). Input: 30x6
2026-07-05 01:30:18,461 [INFO    ] [VolcanoAI.LstmEngine] [MainThread] ---     [Tuner] Parameter Terbaik: {'latent_dim': 128, 'learning_rate': 0.0001, 'dropout_rate': 0.1} (Loss: 0.5182)
2026-07-05 01:30:18,524 [INFO    ] [VolcanoAI.LstmEngine] [MainThread] --- Model LSTM berhasil dikompilasi (Standard MAE). Input: 30x6
2026-07-05 01:30:25,144 [INFO    ] [werkzeug            ] [Thread-358 (process_request_thread)] --- 127.0.0.1 - - [05/Jul/2026 01:30:25] "GET / HTTP/1.1" 200 -
2026-07-05 01:30:25,283 [INFO    ] [werkzeug            ] [Thread-359 (process_request_thread)] --- 127.0.0.1 - - [05/Jul/2026 01:30:25] "[36mGET /static/naive_bayes/confusion_matrix_latest.png HTTP/1.1[0m" 304 -
2026-07-05 01:30:25,510 [INFO    ] [werkzeug            ] [Thread-360 (process_request_thread)] --- 127.0.0.1 - - [05/Jul/2026 01:30:25] "GET /files/output/aco_results/aco_impact_zones.html HTTP/1.1" 200 -
2026-07-05 01:30:25,521 [INFO    ] [werkzeug            ] [Thread-361 (process_request_thread)] --- 127.0.0.1 - - [05/Jul/2026 01:30:25] "GET /files/output/ga_results/ga_from_aco_map.html HTTP/1.1" 200 -
2026-07-05 01:30:35,090 [INFO    ] [VolcanoAI.LstmEngine] [MainThread] --- [Vault] Model Cluster 0 berhasil dimuat.
2026-07-05 01:30:35,094 [WARNING ] [VolcanoAI.LstmEngine] [MainThread] --- [LSTM] GA NOT injected. Model expects (None, 1, 6) features, but GA would increase to 8. Retrain required.
2026-07-05 01:30:36,187 [INFO    ] [VolcanoAI.LstmEngine] [MainThread] --- [LSTM] Membaca data ACO dari: output\aco_results\aco_zoning_data_for_lstm.xlsx
2026-07-05 01:30:36,321 [INFO    ] [VolcanoAI.LstmEngine] [MainThread] --- [LSTM] Membaca GA Report dari: output\ga_results\ga_report.xlsx
2026-07-05 01:30:36,541 [INFO    ] [VolcanoAI.LstmEngine] [MainThread] --- [LSTM] >>> FILE KHUSUS CNN DIBUAT: output\lstm_results\cnn_input_data.csv
2026-07-05 01:30:36,563 [INFO    ] [VolcanoAI.LstmEngine] [MainThread] --- [LSTM] Data Client saved successfully.
2026-07-05 01:30:36,564 [INFO    ] [VolcanoAI.LstmEngine] [MainThread] ---    1. output\lstm_results\data_lama_2022_2024.csv (Rows: 1868)
2026-07-05 01:30:36,565 [INFO    ] [VolcanoAI.LstmEngine] [MainThread] ---    2. output\lstm_results\data_baru_2025.csv (Rows: 15)
2026-07-05 01:30:36,567 [INFO    ] [VolcanoAI_CNN       ] [MainThread] --- === START TRAINING SIMPLE NN (5-INPUT / 2-OUTPUT) REVISED (RELU-ONLY) ===
2026-07-05 01:30:36,569 [INFO    ] [VolcanoAI_CNN       ] [MainThread] --- >>> Training Cluster 0
2026-07-05 01:30:36,585 [INFO    ] [VolcanoAI_CNN       ] [MainThread] ---  [NN Tuner] Memulai 3 trial optimasi (ReLU-only)...
2026-07-05 01:30:36,592 [WARNING ] [tensorflow          ] [MainThread] --- From C:\Users\laygenda surya putra\Documents\JOKI\gempavulkanik\env\lib\site-packages\keras\src\backend\common\global_state.py:82: The name tf.reset_default_graph is deprecated. Please use tf.compat.v1.reset_default_graph instead.

2026-07-05 01:30:43,715 [INFO    ] [VolcanoAI_CNN       ] [MainThread] ---  [NN Tuner] Params terbaik (ReLU-only): {'hidden_count': 3, 'units': [32, 16, 8], 'learning_rate': 0.005, 'activation': 'relu'}
2026-07-05 01:30:46,947 [INFO    ] [VolcanoAI_CNN       ] [MainThread] --- Cluster 0 Trained. Final Loss: 0.2841
2026-07-05 01:30:46,962 [INFO    ] [VolcanoAI_CNN       ] [MainThread] --- Model params summary c0: {'Hidden_1': {'weights_shape': (5, 32), 'bias_shape': (32,), 'params_count': 192}, 'Hidden_2': {'weights_shape': (32, 16), 'bias_shape': (16,), 'params_count': 528}, 'Hidden_3': {'weights_shape': (16, 8), 'bias_shape': (8,), 'params_count': 136}, 'Output_2_Nodes': {'weights_shape': (8, 2), 'bias_shape': (2,), 'params_count': 18}, 'total_params': 874}
2026-07-05 01:30:47,183 [INFO    ] [VolcanoAiPipeline   ] [MainThread] --- ✅ CNN latest overwritten: output\cnn_results\results\cnn_predictions_latest.csv
2026-07-05 01:30:47,391 [INFO    ] [VolcanoAiPipeline   ] [MainThread] --- 📊 Presentation Excel generated: output\cnn_results\presentation\cnn_presentation_20260705_013047.xlsx
2026-07-05 01:30:47,407 [INFO    ] [VolcanoAI.postprocess.cnn_csv_to_json] [MainThread] --- ✅ CNN JSON written: output\cnn_results\cnn_predictions_latest.json
2026-07-05 01:30:47,407 [INFO    ] [VolcanoAiPipeline   ] [MainThread] --- ✅ CNN JSON generated: output\cnn_results\cnn_predictions_latest.json
2026-07-05 01:30:47,423 [INFO    ] [VolcanoAI.engines.cnn_map_generator] [MainThread] --- CNNMapGenerator: map saved -> output\cnn_results\maps\cnn_prediction_map_20260705_013047.html
2026-07-05 01:30:47,430 [INFO    ] [VolcanoAI.engines.cnn_map_generator] [MainThread] --- CNNMapGenerator: latest map pointer updated -> output\cnn_results\maps\latest_map.txt
2026-07-05 01:30:47,430 [INFO    ] [VolcanoAiPipeline   ] [MainThread] --- 🗺️ CNN map generated: output\cnn_results\maps\cnn_prediction_map_20260705_013047.html
2026-07-05 01:30:47,440 [INFO    ] [VolcanoAiPipeline   ] [MainThread] --- 📊 Membuat grafik empiris aktivasi CNN ReLU...
2026-07-05 01:30:49,090 [INFO    ] [VolcanoAiPipeline   ] [MainThread] --- ✅ Grafik Aktivasi CNN disimpan di: C:\Users\laygenda surya putra\Documents\JOKI\gempavulkanik\output\cnn_results\plots\cnn_relu_activation_empirical.png
2026-07-05 01:30:49,137 [INFO    ] [VolcanoAiPipeline   ] [MainThread] --- 📦 CNN archive saved: output\cnn_results\results\cnn_predictions_20260705_013049.csv
2026-07-05 01:30:49,137 [WARNING ] [VolcanoAI.NaiveBayesEngine] [MainThread] --- [NB] Feature 'luas_cnn' missing → filled with 0
2026-07-05 01:30:49,464 [INFO    ] [VolcanoAI.NaiveBayesEngine] [MainThread] --- Distribusi Kelas Training (binary):
{'Normal': 1506, 'Tidak Normal': 378}
2026-07-05 01:30:49,490 [INFO    ] [VolcanoAI.NaiveBayesEngine] [MainThread] --- Training Naive Bayes (binary) selesai.
2026-07-05 01:30:49,490 [INFO    ] [VolcanoAiPipeline   ] [MainThread] --- 
========== PHASE 4: MODEL EVALUATION ==========
2026-07-05 01:30:49,499 [DEBUG   ] [ACO_Engine_Master   ] [MainThread] --- [ACO] DataFrame masuk: 1884 baris, 66 kolom
2026-07-05 01:30:49,499 [DEBUG   ] [ACO_Engine_Master   ] [MainThread] --- [ACO] Kolom: ['Acquired_Date', 'EQ_Lintang', 'EQ_Bujur', 'Magnitudo', 'Kedalaman (km)', 'Nama', 'Sumber', 'VRP_Max', 'Hembusan', 'Tektonik_Lokal', 'Tektonik_Jauh', 'Tremor_Menerus', 'Vulkanik_Dangkal', 'Vulkanik_Dalam', 'Letusan_Erupsi', 'Guguran', 'Harmonik', 'Tremor_Non_Harmonik', 'Magnitudo_Original', 'Kedalaman_Original', 'Tanggal', 'Keterangan', 'isVulkanik', 'isTektonik', 'seismic_energy_log10', 'R1_final', 'R2_final', 'R3_final', 'AreaTerdampak_km2', 'tfe_doy_sin', 'tfe_doy_cos', 'tfe_weekday_sin', 'Intensity', 'cluster_id', 'time_since_last_event_days', 'OLI_total (W)', 'MSI_total (W)', 'Magnitudo_scaled', 'Kedalaman (km)_scaled', 'seismic_energy_log10_scaled', 'time_since_last_event_days_scaled', 'impact_level', 'Magnitudo_lag1', 'Magnitudo_lag3', 'Magnitudo_roll_mean3', 'Magnitudo_roll_std3', 'Magnitudo_roll_mean7', 'Magnitudo_roll_std7', 'VRP_Max_lag1', 'VRP_Max_lag3', 'VRP_Max_roll_mean3', 'VRP_Max_roll_std3', 'VRP_Max_roll_mean7', 'VRP_Max_roll_std7', 'R3_final_lag1', 'R3_final_lag3', 'R3_final_roll_mean3', 'R3_final_roll_std3', 'R3_final_roll_mean7', 'R3_final_roll_std7', 'seismic_energy_log10_lag1', 'seismic_energy_log10_lag3', 'seismic_energy_log10_roll_mean3', 'seismic_energy_log10_roll_std3', 'seismic_energy_log10_roll_mean7', 'seismic_energy_log10_roll_std7']
2026-07-05 01:30:49,515 [DEBUG   ] [ACO_Engine_Master   ] [MainThread] ---         Acquired_Date  EQ_Lintang    EQ_Bujur  Magnitudo  Kedalaman (km)   Nama            Sumber  VRP_Max  Hembusan  Tektonik_Lokal  Tektonik_Jauh  Tremor_Menerus  Vulkanik_Dangkal  Vulkanik_Dalam  Letusan_Erupsi  Guguran  Harmonik  Tremor_Non_Harmonik  Magnitudo_Original  Kedalaman_Original             Tanggal Keterangan  isVulkanik  isTektonik  seismic_energy_log10   R1_final   R2_final   R3_final  AreaTerdampak_km2  tfe_doy_sin  tfe_doy_cos  tfe_weekday_sin  Intensity  cluster_id  time_since_last_event_days  OLI_total (W)  MSI_total (W)  Magnitudo_scaled  Kedalaman (km)_scaled  seismic_energy_log10_scaled  time_since_last_event_days_scaled impact_level  Magnitudo_lag1  Magnitudo_lag3  Magnitudo_roll_mean3  Magnitudo_roll_std3  Magnitudo_roll_mean7  Magnitudo_roll_std7  VRP_Max_lag1  VRP_Max_lag3  VRP_Max_roll_mean3  VRP_Max_roll_std3  VRP_Max_roll_mean7  VRP_Max_roll_std7  R3_final_lag1  R3_final_lag3  R3_final_roll_mean3  R3_final_roll_std3  R3_final_roll_mean7  R3_final_roll_std7  seismic_energy_log10_lag1  seismic_energy_log10_lag3  seismic_energy_log10_roll_mean3  seismic_energy_log10_roll_std3  seismic_energy_log10_roll_mean7  seismic_energy_log10_roll_std7
0 2022-01-01 07:57:00   -7.916717  112.306117       3.47              11  Kelud  VolcanoDiscovery      0.0         0               0              0               0                 1               0               0        0         0                    0                3.47                  11 2022-01-01 07:57:00    Unknown           0           1                10.005  12.631156  27.788543  50.524624        8019.661776     0.017202     0.999852        -0.974928       34.7           0                    0.807889            0.0            0.0          0.010403              -0.264706                     0.010403                           0.619012       Sedang            0.00            0.00              3.470000             0.000000              3.470000             0.000000           0.0           0.0                 0.0                0.0                 0.0                0.0       0.000000       0.000000            50.524624            0.000000            50.524624            0.000000                      0.000                      0.000                           10.005                        0.000000                           10.005                        0.000000
1 2022-01-03 12:48:00   -7.868129  112.369014       3.59              14  Kelud  VolcanoDiscovery      0.0         4               0              0               0                 0               0               0        3         1                    0                3.59                  14 2022-01-03 12:48:00    Unknown           0           1                10.185  12.481753  27.459856  49.927010        7831.067950     0.051584     0.998669         0.000000       35.9           0                    2.202083            0.0            0.0          0.072822              -0.176471                     0.072822                           2.762210       Sedang            3.47            0.00              3.530000             0.084853              3.530000             0.084853           0.0           0.0                 0.0                0.0                 0.0                0.0      50.524624       0.000000            50.225817            0.422577            50.225817            0.422577                     10.005                      0.000                           10.095                        0.127279                           10.095                        0.127279
2 2022-01-03 13:56:00   -8.141552  114.065186       2.64              49  Raung  VolcanoDiscovery      0.0         0               1              0               0                 0               5               3        5         0                    0                2.64                  49 2022-01-03 13:56:00    Unknown           0           1                 8.760   8.309042  18.279893  33.236170        3470.338307     0.051584     0.998669         0.000000       26.4           0                    0.047222            0.0            0.0         -0.421326               0.852941                    -0.421326                          -0.550307       Ringan            3.59            0.00              3.233333             0.517333              3.233333             0.517333           0.0           0.0                 0.0                0.0                 0.0                0.0      49.927010       0.000000            44.562601            9.813528            44.562601            9.813528                     10.185                      0.000                            9.650                        0.775999                            9.650                        0.775999
3 2022-01-03 19:35:00   -8.133701  114.058157       2.18              11  Raung  VolcanoDiscovery      0.0         0               0              0               0                 0               0               0        0         0                    0                2.18                  11 2022-01-03 19:35:00    Unknown           0           1                 8.070   8.633622  18.993968  34.534488        3746.760267     0.051584     0.998669         0.000000       21.8           0                    0.235417            0.0            0.0         -0.660598              -0.264706                    -0.660598                          -0.261009       Sedang            2.64            3.47              2.803333             0.719050              2.970000             0.675130           0.0           0.0                 0.0                0.0                 0.0                0.0      33.236170      50.524624            39.232556            9.284391            42.055573            9.452212                      8.760                     10.005                            9.005                        1.078575                            9.255                        1.012694
4 2022-01-04 13:41:00   -7.910048  112.310989       5.31              25  Kelud  VolcanoDiscovery      0.0         0               3              0               0                 0               3               0        5         0                    0                5.31                  25 2022-01-04 13:41:00    Unknown           0           1                12.765  16.855475  37.082045  67.421900       14280.777308     0.068755     0.997634         0.781831       53.1           0                    0.754167            0.0            0.0          0.967490               0.147059                     0.967490                           0.536429        Parah            2.18            3.59              3.376667             1.690039              3.438000             1.198737           0.0           0.0                 0.0                0.0                 0.0                0.0      34.534488      49.927010            45.064186           19.373228            47.128838           13.989222                      8.070                     10.185                            9.865                        2.535059                            9.957                        1.798105
2026-07-05 01:30:50,004 [INFO    ] [ACO_Engine_Master   ] [MainThread] --- [ACO] Melanjutkan dari brain state sebelumnya.
2026-07-05 01:31:07,089 [INFO    ] [ACO_Engine_Master   ] [MainThread] --- [ACO Iter-100] Stagnasi (41) → Smooth Reset Pheromone.
2026-07-05 01:31:14,375 [INFO    ] [ACO_Engine_Master   ] [MainThread] --- [ACO Iter-141] Stagnasi (41) → Smooth Reset Pheromone.
2026-07-05 01:31:24,402 [INFO    ] [ACO_Engine_Master   ] [MainThread] --- [ACO] Event ACO tersimpan → C:\Users\laygenda surya putra\Documents\JOKI\gempavulkanik\output\aco_results\aco_events.csv
2026-07-05 01:31:26,585 [INFO    ] [ACO_Engine_Master   ] [MainThread] --- [ACO] Presentation Excel tersimpan → C:\Users\laygenda surya putra\Documents\JOKI\gempavulkanik\output\aco_results/aco_presentation.xlsx
2026-07-05 01:31:26,601 [INFO    ] [ACO_Engine_Master   ] [MainThread] --- [ACO] Minimal GA input saved → C:\Users\laygenda surya putra\Documents\JOKI\gempavulkanik\output\aco_results\aco_to_ga.json (atomic)
2026-07-05 01:31:28,801 [INFO    ] [ACO_Engine_Master   ] [MainThread] --- [ACO] Visual ACO tersimpan → C:\Users\laygenda surya putra\Documents\JOKI\gempavulkanik\output\aco_results/aco_impact_zones.html
2026-07-05 01:31:28,845 [WARNING ] [VolcanoAI.LstmEngine] [MainThread] --- [LSTM] GA NOT injected. Model expects (None, 1, 6) features, but GA would increase to 8. Retrain required.
2026-07-05 01:31:29,624 [INFO    ] [VolcanoAI.LstmEngine] [MainThread] --- [LSTM] Membaca data ACO dari: output\aco_results\aco_zoning_data_for_lstm.xlsx
2026-07-05 01:31:29,751 [INFO    ] [VolcanoAI.LstmEngine] [MainThread] --- [LSTM] Membaca GA Report dari: output\ga_results\ga_report.xlsx
2026-07-05 01:31:29,952 [INFO    ] [VolcanoAI.LstmEngine] [MainThread] --- [LSTM] >>> FILE KHUSUS CNN DIBUAT: output\lstm_results\cnn_input_data.csv
2026-07-05 01:31:29,958 [INFO    ] [VolcanoAI.LstmEngine] [MainThread] --- [LSTM] Data Client saved successfully.
2026-07-05 01:31:29,958 [INFO    ] [VolcanoAI.LstmEngine] [MainThread] ---    1. output\lstm_results\data_lama_2022_2024.csv (Rows: 1868)
2026-07-05 01:31:29,958 [INFO    ] [VolcanoAI.LstmEngine] [MainThread] ---    2. output\lstm_results\data_baru_2025.csv (Rows: 15)
2026-07-05 01:31:30,322 [INFO    ] [VolcanoAI.NaiveBayesEngine] [MainThread] --- Unique true labels (raw): ['Normal' 'Tidak Normal']
2026-07-05 01:31:30,322 [INFO    ] [VolcanoAI.NaiveBayesEngine] [MainThread] --- Unique pred labels (str): ['Normal' 'Tidak Normal']
2026-07-05 01:31:30,322 [INFO    ] [VolcanoAI.NaiveBayesEngine] [MainThread] --- LabelEncoder classes (global): [np.str_('Normal'), np.str_('Tidak Normal')]
2026-07-05 01:31:33,769 [INFO    ] [VolcanoAI.NaiveBayesEngine] [MainThread] --- [NB] Presentation Excel saved → output\naive_bayes_results\naive_bayes_presentation_20260704_183130.xlsx
2026-07-05 01:31:33,780 [INFO    ] [VolcanoAiPipeline   ] [MainThread] --- Reporter metrics keys being passed: ['class_names', 'accuracy', 'confusion_matrix', 'report_str', 'roc_auc', 'aco_center', 'aco_area', 'aco_map', 'ga_map', 'cnn_pred_csv', 'cnn_pred_json', 'nb_roc_png', 'nb_pred_csv', 'nb_metrics_json']
2026-07-05 01:31:33,810 [INFO    ] [VolcanoAI.Reporter  ] [MainThread] --- Generating Dual Dashboard HTML...
2026-07-05 01:31:34,904 [WARNING ] [VolcanoAI.Reporter  ] [MainThread] --- [NB DEBUG] nb_dir = C:\Users\laygenda surya putra\Documents\JOKI\gempavulkanik\output\naive_bayes_results
2026-07-05 01:31:34,904 [WARNING ] [VolcanoAI.Reporter  ] [MainThread] --- [NB DEBUG] nb_cm_files = ['C:\\Users\\laygenda surya putra\\Documents\\JOKI\\gempavulkanik\\output\\naive_bayes_results\\confusion_matrix_20260704_183130.png']
2026-07-05 01:31:34,904 [WARNING ] [VolcanoAI.Reporter  ] [MainThread] --- [NB DEBUG] chosen = C:\Users\laygenda surya putra\Documents\JOKI\gempavulkanik\output\naive_bayes_results\confusion_matrix_20260704_183130.png
2026-07-05 01:31:34,904 [INFO    ] [VolcanoAI.Reporter  ] [MainThread] --- Dashboard berhasil dibuat: output\VolcanoAI_Analysis_STATIC.html
2026-07-05 01:31:34,904 [WARNING ] [VolcanoAI.Reporter  ] [MainThread] --- [NB DEBUG] nb_dir = C:\Users\laygenda surya putra\Documents\JOKI\gempavulkanik\output\naive_bayes_results
2026-07-05 01:31:34,904 [WARNING ] [VolcanoAI.Reporter  ] [MainThread] --- [NB DEBUG] nb_cm_files = ['C:\\Users\\laygenda surya putra\\Documents\\JOKI\\gempavulkanik\\output\\naive_bayes_results\\confusion_matrix_20260704_183130.png']
2026-07-05 01:31:34,919 [WARNING ] [VolcanoAI.Reporter  ] [MainThread] --- [NB DEBUG] chosen = C:\Users\laygenda surya putra\Documents\JOKI\gempavulkanik\output\naive_bayes_results\confusion_matrix_20260704_183130.png
2026-07-05 01:31:34,924 [INFO    ] [VolcanoAI.Reporter  ] [MainThread] --- Dashboard berhasil dibuat: output\VolcanoAI_Monitor_LIVE.html
2026-07-05 01:31:34,924 [INFO    ] [VolcanoAI.Reporter  ] [MainThread] --- ✅ Dual Dashboard Updated. Files: LIVE, STATIC.
2026-07-05 01:31:34,924 [INFO    ] [VolcanoAiPipeline   ] [MainThread] --- 
========== PHASE 5: LIVE MONITORING ==========
2026-07-05 01:31:34,924 [INFO    ] [VolcanoAI.LstmEngine] [MainThread] --- Loading 1884 rows to buffer.
2026-07-05 01:31:34,966 [WARNING ] [RealtimeSensorManager] [MainThread] --- [MIROVA] Tidak ada file log untuk dibaca.
2026-07-05 01:31:56,749 [INFO    ] [werkzeug            ] [Thread-362 (process_request_thread)] --- 127.0.0.1 - - [05/Jul/2026 01:31:56] "GET / HTTP/1.1" 200 -
2026-07-05 01:32:25,423 [INFO    ] [werkzeug            ] [Thread-363 (process_request_thread)] --- 127.0.0.1 - - [05/Jul/2026 01:32:25] "GET /files/output/cnn_results/plots/cnn_relu_activation_empirical.png HTTP/1.1" 200 -
2026-07-05 01:32:25,459 [INFO    ] [werkzeug            ] [Thread-364 (process_request_thread)] --- 127.0.0.1 - - [05/Jul/2026 01:32:25] "GET /static/naive_bayes/confusion_matrix_latest.png HTTP/1.1" 200 -
2026-07-05 01:32:25,832 [INFO    ] [werkzeug            ] [Thread-365 (process_request_thread)] --- 127.0.0.1 - - [05/Jul/2026 01:32:25] "GET /files/output/aco_results/aco_impact_zones.html HTTP/1.1" 200 -
2026-07-05 01:32:25,838 [INFO    ] [werkzeug            ] [Thread-366 (process_request_thread)] --- 127.0.0.1 - - [05/Jul/2026 01:32:25] "GET /files/output/ga_results/ga_from_aco_map.html HTTP/1.1" 200 -
2026-07-05 01:32:25,847 [INFO    ] [werkzeug            ] [Thread-367 (process_request_thread)] --- 127.0.0.1 - - [05/Jul/2026 01:32:25] "GET /files/output/cnn_results/maps/cnn_prediction_map_20260705_013047.html HTTP/1.1" 200 -
2026-07-05 01:32:55,045 [INFO    ] [VolcanoAiPipeline   ] [MainThread] --- Monitoring dihentikan. Melakukan penyimpanan akhir...
2026-07-05 01:32:55,076 [ERROR   ] [root                ] [MainThread] --- [SAFE SAVE ERROR] output/realtime/processed.csv → Cannot save file into a non-existent directory: 'output\realtime'
2026-07-05 01:32:55,079 [INFO    ] [VolcanoAiPipeline   ] [MainThread] --- Penyimpanan buffer live selesai.
2026-07-05 01:32:55,081 [INFO    ] [VolcanoAiPipeline   ] [MainThread] --- System shutdown. Uptime: 271.95s
