2026-01-30 09:52:13,789 [INFO    ] [root                ] [MainThread] --- Logging diinisialisasi. File: output\pipeline_20260130_095213.log
2026-01-30 09:52:13,789 [INFO    ] [root                ] [MainThread] --- ================================================================================
2026-01-30 09:52:13,789 [INFO    ] [root                ] [MainThread] ---                             VOLCANOAI SYSTEM STARTUP                            
2026-01-30 09:52:13,793 [INFO    ] [root                ] [MainThread] --- ================================================================================
2026-01-30 09:52:13,796 [INFO    ] [root                ] [MainThread] --- [Dashboard] Starting Flask server in background thread (monitoring enabled)...
2026-01-30 09:52:13,803 [INFO    ] [RealtimeSensorManager] [MainThread] --- [MIROVA] Menggunakan log terbaru: output/realtime\mirova_log_20251003-094000.txt
2026-01-30 09:52:13,806 [INFO    ] [VolcanoAiPipeline   ] [MainThread] --- Pipeline VolcanoAI 5.2.0-TITAN-EXCEL initialized successfully.
2026-01-30 09:52:13,806 [INFO    ] [VolcanoAiPipeline   ] [MainThread] --- Starting Pipeline Execution...
2026-01-30 09:52:13,806 [INFO    ] [VolcanoAiPipeline   ] [MainThread] --- 
========== PHASE 1: DATA LOADING ==========
2026-01-30 09:52:13,809 [INFO    ] [VolcanoAiPipeline   ] [MainThread] --- 
========== PHASE 2: FEATURE ENGINEERING ==========
2026-01-30 09:52:13,840 [INFO    ] [FeatureEngineer     ] [MainThread] --- >>> FE TRAIN: Initializing new preprocessor state.
2026-01-30 09:52:13,868 [WARNING ] [FeatureEngineer     ] [MainThread] --- Smart Classifier SKIPPED: Tidak ada data berlabel cukup (fallback ke rule-based).
2026-01-30 09:52:13,906 [WARNING ] [FeatureEngineer     ] [MainThread] --- Imputer Warning: Kolom berikut kosong total saat training -> diisi 0.0: ['OLI_total (W)', 'MSI_total (W)']
2026-01-30 09:52:14,193 [INFO    ] [werkzeug            ] [Thread-1 (_run)] --- [31m[1mWARNING: This is a development server. Do not use it in a production deployment. Use a production WSGI server instead.[0m
 * Running on http://127.0.0.1:5000
2026-01-30 09:52:14,193 [INFO    ] [werkzeug            ] [Thread-1 (_run)] --- [33mPress CTRL+C to quit[0m
2026-01-30 09:52:14,610 [INFO    ] [werkzeug            ] [Thread-128 (process_request_thread)] --- 127.0.0.1 - - [30/Jan/2026 09:52:14] "GET / HTTP/1.1" 200 -
2026-01-30 09:52:14,944 [INFO    ] [werkzeug            ] [Thread-125 (process_request_thread)] --- 127.0.0.1 - - [30/Jan/2026 09:52:14] "[36mGET /static/naive_bayes/confusion_matrix_latest.png HTTP/1.1[0m" 304 -
2026-01-30 09:52:14,999 [INFO    ] [VolcanoAI.processing.feature_engineer] [MainThread] --- Preprocessor state saved to: output\feature_preprocessor.pkl
2026-01-30 09:52:15,006 [INFO    ] [FeatureEngineer     ] [MainThread] --- Feature Engineering Complete. Shape: (535, 66)
2026-01-30 09:52:15,121 [INFO    ] [FeatureEngineer     ] [MainThread] --- >>> FE TRAIN: Initializing new preprocessor state.
2026-01-30 09:52:15,281 [INFO    ] [werkzeug            ] [Thread-176 (process_request_thread)] --- 127.0.0.1 - - [30/Jan/2026 09:52:15] "GET /files/output/aco_results/aco_impact_zones.html HTTP/1.1" 200 -
2026-01-30 09:52:15,286 [WARNING ] [FeatureEngineer     ] [MainThread] --- Smart Classifier SKIPPED: Tidak ada data berlabel cukup (fallback ke rule-based).
2026-01-30 09:52:15,288 [INFO    ] [werkzeug            ] [Thread-177 (process_request_thread)] --- 127.0.0.1 - - [30/Jan/2026 09:52:15] "GET /files/output/ga_results/ga_from_aco_map.html HTTP/1.1" 200 -
2026-01-30 09:52:15,388 [WARNING ] [FeatureEngineer     ] [MainThread] --- Imputer Warning: Kolom berikut kosong total saat training -> diisi 0.0: ['OLI_total (W)', 'MSI_total (W)']
2026-01-30 09:52:16,296 [INFO    ] [VolcanoAI.processing.feature_engineer] [MainThread] --- Preprocessor state saved to: output\feature_preprocessor.pkl
2026-01-30 09:52:16,297 [INFO    ] [FeatureEngineer     ] [MainThread] --- Feature Engineering Complete. Shape: (230, 66)
2026-01-30 09:52:16,299 [INFO    ] [VolcanoAiPipeline   ] [MainThread] --- 
========== PHASE 3: MODEL TRAINING ==========
2026-01-30 09:52:16,302 [DEBUG   ] [ACO_Engine_Master   ] [MainThread] --- [ACO] DataFrame masuk: 535 baris, 66 kolom
2026-01-30 09:52:16,304 [DEBUG   ] [ACO_Engine_Master   ] [MainThread] --- [ACO] Kolom: ['Acquired_Date', 'EQ_Lintang', 'EQ_Bujur', 'Magnitudo', 'Kedalaman (km)', 'Nama', 'Sumber', 'VRP_Max', 'Hembusan', 'Tektonik_Lokal', 'Tektonik_Jauh', 'Tremor_Menerus', 'Vulkanik_Dangkal', 'Vulkanik_Dalam', 'Letusan_Erupsi', 'Guguran', 'Harmonik', 'Tremor_Non_Harmonik', 'Magnitudo_Original', 'Kedalaman_Original', 'Tanggal', 'Keterangan', 'isVulkanik', 'isTektonik', 'seismic_energy_log10', 'R1_final', 'R2_final', 'R3_final', 'AreaTerdampak_km2', 'tfe_doy_sin', 'tfe_doy_cos', 'tfe_weekday_sin', 'Intensity', 'cluster_id', 'time_since_last_event_days', 'OLI_total (W)', 'MSI_total (W)', 'Magnitudo_scaled', 'Kedalaman (km)_scaled', 'seismic_energy_log10_scaled', 'time_since_last_event_days_scaled', 'impact_level', 'Magnitudo_lag1', 'Magnitudo_lag3', 'Magnitudo_roll_mean3', 'Magnitudo_roll_std3', 'Magnitudo_roll_mean7', 'Magnitudo_roll_std7', 'VRP_Max_lag1', 'VRP_Max_lag3', 'VRP_Max_roll_mean3', 'VRP_Max_roll_std3', 'VRP_Max_roll_mean7', 'VRP_Max_roll_std7', 'R3_final_lag1', 'R3_final_lag3', 'R3_final_roll_mean3', 'R3_final_roll_std3', 'R3_final_roll_mean7', 'R3_final_roll_std7', 'seismic_energy_log10_lag1', 'seismic_energy_log10_lag3', 'seismic_energy_log10_roll_mean3', 'seismic_energy_log10_roll_std3', 'seismic_energy_log10_roll_mean7', 'seismic_energy_log10_roll_std7']
2026-01-30 09:52:16,341 [DEBUG   ] [ACO_Engine_Master   ] [MainThread] ---         Acquired_Date  EQ_Lintang    EQ_Bujur  Magnitudo  Kedalaman (km)   Nama            Sumber  VRP_Max  Hembusan  Tektonik_Lokal  Tektonik_Jauh  Tremor_Menerus  Vulkanik_Dangkal  Vulkanik_Dalam  Letusan_Erupsi  Guguran  Harmonik  Tremor_Non_Harmonik  Magnitudo_Original  Kedalaman_Original             Tanggal Keterangan  isVulkanik  isTektonik  seismic_energy_log10   R1_final   R2_final   R3_final  AreaTerdampak_km2  tfe_doy_sin  tfe_doy_cos  tfe_weekday_sin  Intensity  cluster_id  time_since_last_event_days  OLI_total (W)  MSI_total (W)  Magnitudo_scaled  Kedalaman (km)_scaled  seismic_energy_log10_scaled  time_since_last_event_days_scaled impact_level  Magnitudo_lag1  Magnitudo_lag3  Magnitudo_roll_mean3  Magnitudo_roll_std3  Magnitudo_roll_mean7  Magnitudo_roll_std7  VRP_Max_lag1  VRP_Max_lag3  VRP_Max_roll_mean3  VRP_Max_roll_std3  VRP_Max_roll_mean7  VRP_Max_roll_std7  R3_final_lag1  R3_final_lag3  R3_final_roll_mean3  R3_final_roll_std3  R3_final_roll_mean7  R3_final_roll_std7  seismic_energy_log10_lag1  seismic_energy_log10_lag3  seismic_energy_log10_roll_mean3  seismic_energy_log10_roll_std3  seismic_energy_log10_roll_mean7  seismic_energy_log10_roll_std7
0 2022-01-01 07:57:00   -7.916717  112.306117       3.47              11  Kelud  VolcanoDiscovery      0.0         0               0              0               0                 1               0               0        0         0                    0                3.47                  11 2022-01-01 07:57:00    Unknown           0           1                10.005  12.631156  27.788543  50.524624        8019.661776     0.017202     0.999852        -0.974928       34.7           0                    2.777859            0.0            0.0          0.041344              -0.229508                     0.041344                           2.306543       Sedang            0.00            0.00              3.470000             0.000000                3.4700             0.000000           0.0           0.0                 0.0                0.0                 0.0                0.0       0.000000       0.000000            50.524624            0.000000            50.524624            0.000000                      0.000                      0.000                          10.0050                        0.000000                         10.00500                        0.000000
1 2022-01-02 03:26:00   -7.927617  112.260764       5.46               8  Kelud  VolcanoDiscovery      0.0         0               5              3               0                 0               0               0        0         3                    0                5.46                   8 2022-01-02 03:26:00    Unknown           0           1                12.990  19.824000  43.612800  79.296000       19753.881010     0.034398     0.999408        -0.781831       54.6           0                    0.811806            0.0            0.0          1.069767              -0.327869                     1.069767                           0.240788        Parah            3.47            0.00              4.465000             1.407142                4.4650             1.407142           0.0           0.0                 0.0                0.0                 0.0                0.0      50.524624       0.000000            64.910312           20.344435            64.910312           20.344435                     10.005                      0.000                          11.4975                        2.110714                         11.49750                        2.110714
2 2022-01-02 11:35:00   -7.933503  112.917144       3.13              65  Bromo  VolcanoDiscovery      0.0         5               1              5               0                 0               0               1        2         0                    0                3.13                  65 2022-01-02 11:35:00    Unknown           0           1                 9.495   9.651069  21.232351  38.604275        4681.884303     0.034398     0.999408        -0.781831       31.3           0                    0.339583            0.0            0.0         -0.134367               1.540984                    -0.134367                          -0.255381       Ringan            5.46            0.00              4.020000             1.258610                4.0200             1.258610           0.0           0.0                 0.0                0.0                 0.0                0.0      79.296000       0.000000            56.141633           20.919302            56.141633           20.919302                     12.990                      0.000                          10.8300                        1.887916                         10.83000                        1.887916
3 2022-01-02 16:55:00   -8.186015  114.068209       4.61              25  Raung  VolcanoDiscovery      0.0         1               0              0               0                 0               4               5        2         0                    0                4.61                  25 2022-01-02 16:55:00    Unknown           0           1                11.715  14.739725  32.427395  58.958900       10920.653238     0.034398     0.999408        -0.781831       46.1           0                    0.222222            0.0            0.0          0.630491               0.229508                     0.630491                          -0.378694        Parah            3.13            3.47              4.400000             1.179110                4.1675             1.069155           0.0           0.0                 0.0                0.0                 0.0                0.0      38.604275      50.524624            58.953058           20.345863            56.845950           17.138525                      9.495                     10.005                          11.4000                        1.768665                         11.05125                        1.603732
4 2022-01-04 08:46:00   -7.958622  112.954185       2.20               5  Bromo  VolcanoDiscovery      0.0         0               0              0               0                 0               0               0        5         0                    0                2.20                   5 2022-01-04 08:46:00    Unknown           0           1                 8.100  11.527500  25.360500  46.110000        6679.440986     0.068755     0.997634         0.781831       22.0           0                    1.660417            0.0            0.0         -0.614987              -0.426230                    -0.614987                           1.132433       Sedang            4.61            5.46              3.313333             1.215415                3.7740             1.277314           0.0           0.0                 0.0                0.0                 0.0                0.0      58.958900      79.296000            47.891058           10.293533            54.698760           15.599645                     11.715                     12.990                           9.7700                        1.823122                         10.46100                        1.915970
2026-01-30 09:52:23,919 [INFO    ] [werkzeug            ] [Thread-350 (process_request_thread)] --- 127.0.0.1 - - [30/Jan/2026 09:52:23] "GET / HTTP/1.1" 200 -
2026-01-30 09:52:23,971 [INFO    ] [werkzeug            ] [Thread-351 (process_request_thread)] --- 127.0.0.1 - - [30/Jan/2026 09:52:23] "[36mGET /static/naive_bayes/confusion_matrix_latest.png HTTP/1.1[0m" 304 -
2026-01-30 09:52:24,436 [INFO    ] [werkzeug            ] [Thread-352 (process_request_thread)] --- 127.0.0.1 - - [30/Jan/2026 09:52:24] "GET /files/output/aco_results/aco_impact_zones.html HTTP/1.1" 200 -
2026-01-30 09:52:24,446 [INFO    ] [werkzeug            ] [Thread-353 (process_request_thread)] --- 127.0.0.1 - - [30/Jan/2026 09:52:24] "GET /files/output/ga_results/ga_from_aco_map.html HTTP/1.1" 200 -
2026-01-30 09:52:30,545 [INFO    ] [ACO_Engine_Master   ] [MainThread] --- [ACO Iter-76] Stagnasi (41) → Smooth Reset Pheromone.
2026-01-30 09:52:35,216 [INFO    ] [ACO_Engine_Master   ] [MainThread] --- [ACO Iter-117] Stagnasi (41) → Smooth Reset Pheromone.
2026-01-30 09:52:48,904 [INFO    ] [ACO_Engine_Master   ] [MainThread] --- [ACO Iter-183] Stagnasi (41) → Smooth Reset Pheromone.
2026-01-30 09:52:55,226 [INFO    ] [ACO_Engine_Master   ] [MainThread] --- [ACO] Event ACO tersimpan → C:\Users\laygenda surya putra\Documents\JOKI\gempavulkanik\output\aco_results\aco_events.csv
2026-01-30 09:52:58,557 [INFO    ] [ACO_Engine_Master   ] [MainThread] --- [ACO] Presentation Excel tersimpan → C:\Users\laygenda surya putra\Documents\JOKI\gempavulkanik\output\aco_results/aco_presentation.xlsx
2026-01-30 09:52:58,586 [INFO    ] [ACO_Engine_Master   ] [MainThread] --- [ACO] Minimal GA input saved → C:\Users\laygenda surya putra\Documents\JOKI\gempavulkanik\output\aco_results\aco_to_ga.json (atomic)
2026-01-30 09:53:01,089 [INFO    ] [ACO_Engine_Master   ] [MainThread] --- [ACO] Visual ACO tersimpan → C:\Users\laygenda surya putra\Documents\JOKI\gempavulkanik\output\aco_results/aco_impact_zones.html
2026-01-30 09:53:01,091 [INFO    ] [VolcanoAI.GaEngine  ] [MainThread] --- 
================================================================================
2026-01-30 09:53:01,091 [INFO    ] [VolcanoAI.GaEngine  ] [MainThread] ---                  === GA ENGINE START (Input from ACO Only) ===                  
2026-01-30 09:53:01,093 [INFO    ] [VolcanoAI.GaEngine  ] [MainThread] --- ================================================================================
2026-01-30 09:53:14,881 [INFO    ] [VolcanoAI.GaEngine  ] [MainThread] --- [GA] Event GA tersimpan → output\ga_results\ga_events.csv
2026-01-30 09:53:15,276 [INFO    ] [VolcanoAI.GaEngine  ] [MainThread] --- Excel exported → output\ga_results\ga_report.xlsx
2026-01-30 09:53:43,287 [INFO    ] [VolcanoAI.GaEngine  ] [MainThread] --- GA Map saved (atomic) → output\ga_results\ga_from_aco_map.html
2026-01-30 09:53:43,289 [INFO    ] [VolcanoAI.GaEngine  ] [MainThread] ---                      === GA ENGINE COMPLETE (ACO Mode) ===                      
2026-01-30 09:53:43,293 [INFO    ] [VolcanoAI.LstmEngine] [MainThread] --- === LSTM V6.0 TITAN TRAINING START ===
2026-01-30 09:53:43,324 [INFO    ] [VolcanoAI.LstmEngine] [MainThread] --- Processing Cluster 0...
2026-01-30 09:53:43,330 [INFO    ] [VolcanoAI.LstmEngine] [MainThread] ---     [Tuner] Menjalankan 3 trial optimasi...
2026-01-30 09:53:45,274 [WARNING ] [tensorflow          ] [MainThread] --- From C:\Users\laygenda surya putra\Documents\JOKI\gempavulkanik\env\lib\site-packages\keras\src\backend\common\global_state.py:82: The name tf.reset_default_graph is deprecated. Please use tf.compat.v1.reset_default_graph instead.

2026-01-30 09:53:46,095 [INFO    ] [VolcanoAI.LstmEngine] [MainThread] --- Model LSTM berhasil dikompilasi (Standard MAE). Input: 30x6
2026-01-30 09:53:53,275 [INFO    ] [VolcanoAI.LstmEngine] [MainThread] --- Model LSTM berhasil dikompilasi (Standard MAE). Input: 30x6
2026-01-30 09:53:57,472 [INFO    ] [werkzeug            ] [Thread-354 (process_request_thread)] --- 127.0.0.1 - - [30/Jan/2026 09:53:57] "GET / HTTP/1.1" 200 -
2026-01-30 09:53:57,512 [INFO    ] [werkzeug            ] [Thread-355 (process_request_thread)] --- 127.0.0.1 - - [30/Jan/2026 09:53:57] "[36mGET /static/naive_bayes/confusion_matrix_latest.png HTTP/1.1[0m" 304 -
2026-01-30 09:53:58,202 [INFO    ] [werkzeug            ] [Thread-356 (process_request_thread)] --- 127.0.0.1 - - [30/Jan/2026 09:53:58] "GET /files/output/aco_results/aco_impact_zones.html HTTP/1.1" 200 -
2026-01-30 09:53:58,216 [INFO    ] [werkzeug            ] [Thread-357 (process_request_thread)] --- 127.0.0.1 - - [30/Jan/2026 09:53:58] "GET /files/output/ga_results/ga_from_aco_map.html HTTP/1.1" 200 -
